cargo :    Compiling syn v3.0.3
At line:4 char:36
+ ... ngineering; cargo test -p tpt-eng-safety -p tpt-eng-standards -p tpt- ...
+                 ~~~~~~~~~~~~~~~~~~~~~~~~~~~~~~~~~~~~~~~~~~~~~~~~~~~~~~~~~
    + CategoryInfo          : NotSpecified: (   Compiling syn v3.0.3:String) [], RemoteException
    + FullyQualifiedErrorId : NativeCommandError
 
   Compiling uom v0.38.0
   Compiling serde_json v1.0.151
   Compiling thiserror-impl v2.0.20
   Compiling serde_derive v1.0.229
   Compiling thiserror v2.0.20
   Compiling tpt-eng-reliability v0.1.0 (C:\Programming\tpt-engineering\crates\tpt-eng-reliability)
   Compiling serde v1.0.229
   Compiling tpt-eng-tolerance v0.1.0 (C:\Programming\tpt-engineering\crates\tpt-eng-tolerance)
   Compiling tpt-math-units v0.1.0 (C:\Programming\tpt-math\crates\tpt-math-units)
   Compiling tpt-eng-safety v0.1.0 (C:\Programming\tpt-engineering\crates\tpt-eng-safety)
   Compiling tpt-eng-standards v0.1.0 (C:\Programming\tpt-engineering\crates\tpt-eng-standards)
   Compiling tpt-eng-structural v0.1.0 (C:\Programming\tpt-engineering\crates\tpt-eng-structural)
    Finished `test` profile [unoptimized + debuginfo] target(s) in 29.43s
     Running unittests src\lib.rs (target\debug\deps\tpt_eng_safety-75cdacd5fb88c42c.exe)

running 4 tests
test tests::dimension_mismatch_errors ... ok
test tests::basic_ratios ... ok
test tests::pass_warn_fail ... ok
test tests::with_class_uses_recommended_sf ... ok

test result: ok. 4 passed; 0 failed; 0 ignored; 0 measured; 0 filtered out; finished in 0.00s

     Running tests\cross_crate.rs (target\debug\deps\cross_crate-3bf90a3d77839944.exe)

running 1 test
test stackup_drives_safety_and_reliability ... ok

test result: ok. 1 passed; 0 failed; 0 ignored; 0 measured; 0 filtered out; finished in 0.05s

     Running unittests src\lib.rs (target\debug\deps\tpt_eng_standards-529638499387b518.exe)

running 10 tests
test combinations::tests::demand_map_helpers ... ok
test combinations::tests::evaluate_combination ... ok
test combinations::tests::missing_case_errors_when_checked ... ok
test design::tests::design_basis_runs_all_combinations ... ok
test design::tests::evaluate_single_check ... ok
test factors::tests::factor_set_lookup ... ok
test factors::tests::factor_set_json_round_trip ... ok
test limit_states::tests::utilization_and_pass ... ok
test limit_states::tests::zero_capacity_is_infinite_utilization ... ok
test load::tests::load_case_json_round_trip ... ok

test result: ok. 10 passed; 0 failed; 0 ignored; 0 measured; 0 filtered out; finished in 0.00s

     Running unittests src\lib.rs (target\debug\deps\tpt_eng_structural-ff660ede9776b125.exe)

running 5 tests
test tests::shear_sign_and_value ... ok
test tests::utilization_ratio ... ok
test tests::udl_max_moment ... ok
test tests::central_point_load_reactions_and_moment ... ok
test tests::resolution_variant_matches_default ... ok

test result: ok. 5 passed; 0 failed; 0 ignored; 0 measured; 0 filtered out; finished in 0.00s

   Doc-tests tpt_eng_safety

running 0 tests

test result: ok. 0 passed; 0 failed; 0 ignored; 0 measured; 0 filtered out; finished in 0.00s

   Doc-tests tpt_eng_standards

running 1 test
test crates\tpt-eng-standards\src\lib.rs - (line 35) ... ok

test result: ok. 1 passed; 0 failed; 0 ignored; 0 measured; 0 filtered out; finished in 0.05s

all doctests ran in 1.12s; merged doctests compilation took 0.52s
   Doc-tests tpt_eng_structural

running 1 test
test crates\tpt-eng-structural\src\lib.rs - (line 19) ... ok

test result: ok. 1 passed; 0 failed; 0 ignored; 0 measured; 0 filtered out; finished in 0.07s

all doctests ran in 1.19s; merged doctests compilation took 0.50s
