cargo :    Compiling tpt-eng-mesh v0.1.0 (C:\Programming\tpt-engineering\crates\tpt-eng-mesh)
At line:4 char:36
+ ... ngineering; cargo test -p tpt-eng-mesh -p tpt-eng-io -p tpt-eng-cli 2 ...
+                 ~~~~~~~~~~~~~~~~~~~~~~~~~~~~~~~~~~~~~~~~~~~~~~~~~~~~~~~~~
    + CategoryInfo          : NotSpecified: (   Compiling tp...s\tpt-eng-mesh):String) [], RemoteException
    + FullyQualifiedErrorId : NativeCommandError
 
   Compiling tpt-eng-io v0.1.0 (C:\Programming\tpt-engineering\crates\tpt-eng-io)
   Compiling tpt-eng-cli v0.1.0 (C:\Programming\tpt-engineering\crates\tpt-eng-cli)
    Finished `test` profile [unoptimized + debuginfo] target(s) in 2.84s
     Running unittests src\main.rs (target\debug\deps\tpt_eng_cli-3b2b94265405d5c4.exe)

running 0 tests

test result: ok. 0 passed; 0 failed; 0 ignored; 0 measured; 0 filtered out; finished in 0.00s

     Running tests\integration.rs (target\debug\deps\integration-316cb76fec00d167.exe)

running 10 tests
test test_calc_beam ... ok
test test_materials_inspect ... ok
test test_sections_ibeam ... ok
test test_sections_inspect ... ok
test test_units_convert ... ok
test test_units_convert_temperature ... ok
test test_units_incompatible ... ok
test test_validate_json ... ok
test test_validate_unknown_type_fails ... ok
test test_report_generates_all_formats ... ok

test result: ok. 10 passed; 0 failed; 0 ignored; 0 measured; 0 filtered out; finished in 0.98s

     Running unittests src\lib.rs (target\debug\deps\tpt_eng_io-3ddd98c5251b75f5.exe)

running 9 tests
test json::tests::test_write_json_compact ... ok
test json::tests::test_read_write_json ... ok
test csv::tests::test_read_write_csv_with_headers ... ok
test csv::tests::test_read_write_csv ... ok
test stl::tests::test_stl_roundtrip_binary ... ok
test tests::test_csv_roundtrip ... ok
test stl::tests::test_stl_roundtrip_ascii ... ok
test obj::tests::test_obj_roundtrip_with_texcoords_and_normals ... ok
test tests::test_json_roundtrip ... ok

test result: ok. 9 passed; 0 failed; 0 ignored; 0 measured; 0 filtered out; finished in 0.00s

     Running unittests src\lib.rs (target\debug\deps\tpt_eng_mesh-9b08aa6182557788.exe)

running 8 tests
test tests::equilateral_aspect_ratio_is_one ... ok
test tests::cube_has_twelve_faces_and_eight_vertices_after_weld ... ok
test tests::obj_round_trips_texcoords_and_normals ... ok
test tests::obj_round_trips_vertex_and_face_count ... ok
test tests::stl_binary_round_trips ... ok
test tests::subdivide_single_triangle ... ok
test tests::weld_reduces_duplicate_vertices ... ok
test tests::stl_ascii_round_trips ... ok

test result: ok. 8 passed; 0 failed; 0 ignored; 0 measured; 0 filtered out; finished in 0.00s

   Doc-tests tpt_eng_io

running 1 test
test crates\tpt-eng-io\src\lib.rs - (line 18) - compile ... ok

test result: ok. 1 passed; 0 failed; 0 ignored; 0 measured; 0 filtered out; finished in 0.00s

all doctests ran in 0.90s; merged doctests compilation took 0.40s
   Doc-tests tpt_eng_mesh

running 0 tests

test result: ok. 0 passed; 0 failed; 0 ignored; 0 measured; 0 filtered out; finished in 0.00s

