cargo :    Compiling tpt-math-numeric v0.1.0 (C:\Programming\tpt-math\crates\tpt-math-numeric)
At line:4 char:36
+ ... :\Programming\tpt-engineering; cargo test -p tpt-eng-cli 2>&1 | Out-F ...
+                                    ~~~~~~~~~~~~~~~~~~~~~~~~~~~~~~
    + CategoryInfo          : NotSpecified: (   Compiling tp...t-math-numeric):String) [], RemoteException
    + FullyQualifiedErrorId : NativeCommandError
 
   Compiling tpt-math-prob-core v0.1.0 (C:\Programming\tpt-math\crates\tpt-math-prob-core)
   Compiling tpt-math-stats v0.1.0 (C:\Programming\tpt-math\crates\tpt-math-stats)
   Compiling tpt-eng-reliability v0.1.0 (C:\Programming\tpt-engineering\crates\tpt-eng-reliability)
   Compiling tpt-eng-safety v0.1.0 (C:\Programming\tpt-engineering\crates\tpt-eng-safety)
   Compiling tpt-eng-structural v0.1.0 (C:\Programming\tpt-engineering\crates\tpt-eng-structural)
   Compiling tpt-eng-cli v0.1.0 (C:\Programming\tpt-engineering\crates\tpt-eng-cli)
    Finished `test` profile [unoptimized + debuginfo] target(s) in 6.61s
     Running unittests src\main.rs (target\debug\deps\tpt_eng_cli-c2c69ee82a6ccbac.exe)

running 0 tests

test result: ok. 0 passed; 0 failed; 0 ignored; 0 measured; 0 filtered out; finished in 0.00s

     Running tests\integration.rs (target\debug\deps\integration-313be6729f4ad65a.exe)

running 10 tests
test test_materials_inspect ... ok
test test_calc_beam ... ok
test test_sections_ibeam ... ok
test test_sections_inspect ... ok
test test_units_convert ... ok
test test_units_convert_temperature ... ok
test test_units_incompatible ... ok
test test_validate_json ... ok
test test_validate_unknown_type_fails ... ok
test test_report_generates_all_formats ... ok

test result: ok. 10 passed; 0 failed; 0 ignored; 0 measured; 0 filtered out; finished in 1.07s

